================================================================ 
REALSLATE PIPELINE — 13-05-2026 16:42:08.24 
================================================================ 
 
[16:42:08.30] STEP 1: RealSlate Scraper 
Traceback (most recent call last):
  File "D:\RealSlate\realslate_core\runners\run_all_india.py", line 40, in <module>
    from loguru import logger
ModuleNotFoundError: No module named 'loguru'
[16:42:10.00] WARNING: Scraper errors, continuing 
[16:42:10.03] STEP 2: parse_and_export 
================================================================ 
REALSLATE PIPELINE — 13-05-2026 16:42:34.60 
================================================================ 
 
[16:42:34.66] STEP 1: RealSlate Scraper 
Traceback (most recent call last):
  File "D:\RealSlate\realslate_core\runners\run_all_india.py", line 40, in <module>
    from loguru import logger
ModuleNotFoundError: No module named 'loguru'
[16:42:35.02] WARNING: Scraper errors, continuing 
[16:42:35.05] STEP 2: parse_and_export 
